// Jest Snapshot v1, https://goo.gl/fbAQLP

exports[`Pruebas sobre <SearchPage/> Debe mostrar a Batman y el input vacío 1`] = `
<h5
  class="card-title"
>
  Batman
</h5>
`;

exports[`Pruebas sobre <SearchPage/> Debe mostrarse correctamente con valores por defecto 1`] = `
<div>
  <h1
    class="mt-2"
  >
    Busca tu héroe
  </h1>
  <hr />
  <div
    class="row mt-5"
  >
    <div
      class="col-5"
    >
      <h4>
        Buscando
      </h4>
      <hr />
      <form
        class="d-flex"
      >
        <input
          aria-label="Search"
          class="form-control me-2"
          name="searchText"
          placeholder="Search"
          type="search"
          value=""
        />
        <button
          class="btn btn-outline-primary"
          type="submit"
        >
          Buscar
        </button>
      </form>
    </div>
    <div
      class="col-7"
    >
      <h4>
        Resultados:
      </h4>
      <hr />
      <div
        aria-label="alert"
        class="alert alert-primary animate__animated animate__fadeIn"
      >
        Busca tu héroe
      </div>
      <div
        class="alert alert-danger animate__animated animate__fadeIn"
        style="display: none;"
      >
        No hay resultados para 
        <b />
      </div>
    </div>
  </div>
</div>
`;
